
> longanogoes@0.1.0 build
> next build

node.exe : ΓÜá Warning: 
Next.js inferred your 
workspace root, but it may 
not be correct.
No linha:1 caractere:1
+ & "C:\Program 
Files\nodejs/node.exe" 
"C:\Program 
Files\nodejs/node_mo ...
+ ~~~~~~~~~~~~~~~~~~~~~~~~~
~~~~~~~~~~~~~~~~~~~~~~~~~~~
~~~~~~~~~~~~~~~~~
    + CategoryInfo         
     : NotSpecified: (ΓÜá  
   Warning: Ne...not be    
 correct.:String) [], R    
emoteException
    + FullyQualifiedErrorI 
   d : NativeCommandError
 
 We detected multiple 
lockfiles and selected the 
directory of C:\Users\victo
\package-lock.json as the 
root directory.
 To silence this warning, 
set `turbopack.root` in 
your Next.js config, or 
consider removing one of 
the lockfiles if it's not 
needed.
   See https://nextjs.org/d
ocs/app/api-reference/confi
g/next-config-js/turbopack#
root-directory for more 
information.
 Detected additional 
lockfiles: 
   * C:\Users\victo\.gemini
\antigravity\scratch\longan
ogoes\package-lock.json

Γû▓ Next.js 16.2.1 (Turbopack)

  Creating an optimized production build ...

> Build error occurred
Error: Turbopack build 
failed with 4 errors:
./.gemini/antigravity/scrat
ch/longanogoes/src/componen
ts/Footer.tsx:2:1
Export Github doesn't 
exist in target module
  [90m1 |[0m 
[36mimport[0m 
[33mLink[0m 
[36mfrom[0m 
[32m"next/link"[0m;
[31m[1m>[0m [90m2 
|[0m [36mimport[0m { 
[33mTwitter[0m, 
[33mInstagram[0m, 
[33mLinkedin[0m, 
[33mGithub[0m } 
[36mfrom[0m 
[32m"lucide-react"[0m;
  [90m  |[0m [31m[1m^^^
^^^^^^^^^^^^^^^^^^^^^^^^^^^
^^^^^^^^^^^^^^^^^^^^^^^^^^^
^^^^^^^^^^^[0m
  [90m3 |[0m
  [90m4 |[0m 
[36mexport[0m 
[36mconst[0m 
[33mFooter[0m = () => {
  [90m5 |[0m   
[36mreturn[0m (

The export Github was not 
found in module [project]/.
gemini/antigravity/scratch/
longanogoes/node_modules/lu
cide-react/dist/esm/lucide-
react.js [app-rsc] 
(ecmascript).
Did you mean to import 
Gift?
All exports of the module 
are statically known (It 
doesn't have dynamic 
exports). So it's known 
statically that the 
requested export doesn't 
exist.

Import trace:
  Server Component:
    ./.gemini/antigravity/s
cratch/longanogoes/src/comp
onents/Footer.tsx
    ./.gemini/antigravity/s
cratch/longanogoes/src/app/
page.tsx


./.gemini/antigravity/scrat
ch/longanogoes/src/componen
ts/Footer.tsx:2:1
Export Instagram doesn't 
exist in target module
  [90m1 |[0m 
[36mimport[0m 
[33mLink[0m 
[36mfrom[0m 
[32m"next/link"[0m;
[31m[1m>[0m [90m2 
|[0m [36mimport[0m { 
[33mTwitter[0m, 
[33mInstagram[0m, 
[33mLinkedin[0m, 
[33mGithub[0m } 
[36mfrom[0m 
[32m"lucide-react"[0m;
  [90m  |[0m [31m[1m^^^
^^^^^^^^^^^^^^^^^^^^^^^^^^^
^^^^^^^^^^^^^^^^^^^^^^^^^^^
^^^^^^^^^^^[0m
  [90m3 |[0m
  [90m4 |[0m 
[36mexport[0m 
[36mconst[0m 
[33mFooter[0m = () => {
  [90m5 |[0m   
[36mreturn[0m (

The export Instagram was 
not found in module [projec
t]/.gemini/antigravity/scra
tch/longanogoes/node_module
s/lucide-react/dist/esm/luc
ide-react.js [app-rsc] 
(ecmascript).
Did you mean to import 
Star?
All exports of the module 
are statically known (It 
doesn't have dynamic 
exports). So it's known 
statically that the 
requested export doesn't 
exist.

Import trace:
  Server Component:
    ./.gemini/antigravity/s
cratch/longanogoes/src/comp
onents/Footer.tsx
    ./.gemini/antigravity/s
cratch/longanogoes/src/app/
page.tsx


./.gemini/antigravity/scrat
ch/longanogoes/src/componen
ts/Footer.tsx:2:1
Export Linkedin doesn't 
exist in target module
  [90m1 |[0m 
[36mimport[0m 
[33mLink[0m 
[36mfrom[0m 
[32m"next/link"[0m;
[31m[1m>[0m [90m2 
|[0m [36mimport[0m { 
[33mTwitter[0m, 
[33mInstagram[0m, 
[33mLinkedin[0m, 
[33mGithub[0m } 
[36mfrom[0m 
[32m"lucide-react"[0m;
  [90m  |[0m [31m[1m^^^
^^^^^^^^^^^^^^^^^^^^^^^^^^^
^^^^^^^^^^^^^^^^^^^^^^^^^^^
^^^^^^^^^^^[0m
  [90m3 |[0m
  [90m4 |[0m 
[36mexport[0m 
[36mconst[0m 
[33mFooter[0m = () => {
  [90m5 |[0m   
[36mreturn[0m (

The export Linkedin was 
not found in module [projec
t]/.gemini/antigravity/scra
tch/longanogoes/node_module
s/lucide-react/dist/esm/luc
ide-react.js [app-rsc] 
(ecmascript).
Did you mean to import 
Link?
All exports of the module 
are statically known (It 
doesn't have dynamic 
exports). So it's known 
statically that the 
requested export doesn't 
exist.

Import trace:
  Server Component:
    ./.gemini/antigravity/s
cratch/longanogoes/src/comp
onents/Footer.tsx
    ./.gemini/antigravity/s
cratch/longanogoes/src/app/
page.tsx


./.gemini/antigravity/scrat
ch/longanogoes/src/componen
ts/Footer.tsx:2:1
Export Twitter doesn't 
exist in target module
  [90m1 |[0m 
[36mimport[0m 
[33mLink[0m 
[36mfrom[0m 
[32m"next/link"[0m;
[31m[1m>[0m [90m2 
|[0m [36mimport[0m { 
[33mTwitter[0m, 
[33mInstagram[0m, 
[33mLinkedin[0m, 
[33mGithub[0m } 
[36mfrom[0m 
[32m"lucide-react"[0m;
  [90m  |[0m [31m[1m^^^
^^^^^^^^^^^^^^^^^^^^^^^^^^^
^^^^^^^^^^^^^^^^^^^^^^^^^^^
^^^^^^^^^^^[0m
  [90m3 |[0m
  [90m4 |[0m 
[36mexport[0m 
[36mconst[0m 
[33mFooter[0m = () => {
  [90m5 |[0m   
[36mreturn[0m (

The export Twitter was not 
found in module [project]/.
gemini/antigravity/scratch/
longanogoes/node_modules/lu
cide-react/dist/esm/lucide-
react.js [app-rsc] 
(ecmascript).
Did you mean to import 
Timer?
All exports of the module 
are statically known (It 
doesn't have dynamic 
exports). So it's known 
statically that the 
requested export doesn't 
exist.

Import trace:
  Server Component:
    ./.gemini/antigravity/s
cratch/longanogoes/src/comp
onents/Footer.tsx
    ./.gemini/antigravity/s
cratch/longanogoes/src/app/
page.tsx


    at <unknown> (./.gemini
/antigravity/scratch/longan
ogoes/src/components/Footer
.tsx:2:1)
    at <unknown> (./.gemini
/antigravity/scratch/longan
ogoes/src/components/Footer
.tsx:2:1)
    at <unknown> (./.gemini
/antigravity/scratch/longan
ogoes/src/components/Footer
.tsx:2:1)
    at <unknown> (./.gemini
/antigravity/scratch/longan
ogoes/src/components/Footer
.tsx:2:1)
