src/components/Footer.tsx(2,10): error TS2305: Module '"lucide-react"' has no exported member 'Twitter'.
src/components/Footer.tsx(2,19): error TS2305: Module '"lucide-react"' has no exported member 'Instagram'.
src/components/Footer.tsx(2,30): error TS2305: Module '"lucide-react"' has no exported member 'Linkedin'.
src/components/Footer.tsx(2,40): error TS2305: Module '"lucide-react"' has no exported member 'Github'.
